start
 1/x = r2(space)/r1(time) =        2.50   km/sec
ABIC : 0.10000E-01 0.0 0.0 0.0  0.10000E-02    21.0     0.0     0.0            159763.74         -150243.67         -58161.01          23049.43           1088.19 0.236E+00 0.302E+00
ABIC : 0.10000E+00 0.0 0.0 0.0  0.10000E-02    21.0     0.0     0.0            155699.92          -75121.84          10046.92          23049.43           1700.68 0.296E+00 0.378E+00
ABIC : 0.10000E+01 0.0 0.0 0.0  0.10000E-02    21.0     0.0     0.0            152794.16               0.00          79901.02          23049.43           2462.23 0.356E+00 0.454E+00
ABIC : 0.10000E+02 0.0 0.0 0.0  0.10000E-02    21.0     0.0     0.0            151168.45           75121.84         151334.00          23049.43           3401.76 0.418E+00 0.534E+00
ABIC : 0.10000E+03 0.0 0.0 0.0  0.10000E-02    21.0     0.0     0.0            150812.90          150243.67         224307.92          23049.43           4504.58 0.481E+00 0.615E+00
ABIC : 0.10000E+04 0.0 0.0 0.0  0.10000E-02    21.0     0.0     0.0            151417.25          225365.52         298523.56          23049.43           5707.31 0.541E+00 0.692E+00
ABIC : 0.31623E+02 0.0 0.0 0.0  0.10000E-02    21.0     0.0     0.0            150838.33          112682.76         187636.72          23049.43           3934.14 0.450E+00 0.574E+00
ABIC : 0.31623E+03 0.0 0.0 0.0  0.10000E-02    21.0     0.0     0.0            151040.38          187804.59         261295.52          23049.43           5106.71 0.512E+00 0.654E+00
ABIC : 0.56234E+02 0.0 0.0 0.0  0.10000E-02    21.0     0.0     0.0            150789.96          131463.22         205928.81          23049.43           4214.89 0.465E+00 0.594E+00
ABIC : 0.42170E+02 0.0 0.0 0.0  0.10000E-02    21.0     0.0     0.0            150804.84          122072.99         196771.48          23049.43           4073.36 0.457E+00 0.584E+00
ABIC : 0.74989E+02 0.0 0.0 0.0  0.10000E-02    21.0     0.0     0.0            150792.93          140853.45         215107.92          23049.43           4358.66 0.473E+00 0.605E+00
alpha2, abic : 0.100E-02     150789.96     150789.96
ABIC : 0.10000E+02 0.0 0.0 0.0  0.10000E-01    21.0     0.0     0.0            150960.17           75121.84         151172.25          23913.83           2949.33 0.389E+00 0.157E+01
ABIC : 0.10000E+03 0.0 0.0 0.0  0.10000E-01    21.0     0.0     0.0            150712.65          150243.67         224242.09          23913.83           3912.90 0.448E+00 0.181E+01
ABIC : 0.10000E+04 0.0 0.0 0.0  0.10000E-01    21.0     0.0     0.0            151382.40          225365.52         298506.66          23913.83           4970.46 0.505E+00 0.204E+01
ABIC : 0.31623E+02 0.0 0.0 0.0  0.10000E-01    21.0     0.0     0.0            150685.84          112682.76         187527.88          23913.83           3412.45 0.419E+00 0.169E+01
ABIC : 0.17783E+02 0.0 0.0 0.0  0.10000E-01    21.0     0.0     0.0            150783.11           93902.30         169302.94          23913.83           3176.05 0.404E+00 0.163E+01
ABIC : 0.56234E+02 0.0 0.0 0.0  0.10000E-01    21.0     0.0     0.0            150664.56          131463.22         205842.98          23913.83           3658.31 0.433E+00 0.175E+01
ABIC : 0.42170E+02 0.0 0.0 0.0  0.10000E-01    21.0     0.0     0.0            150666.06          122072.99         196674.50          23913.83           3534.23 0.426E+00 0.172E+01
ABIC : 0.74989E+02 0.0 0.0 0.0  0.10000E-01    21.0     0.0     0.0            150680.40          140853.45         215032.48          23913.83           3784.56 0.441E+00 0.178E+01
alpha2, abic : 0.100E-01     150664.56     150664.56
ABIC : 0.10000E+02 0.0 0.0 0.0  0.10000E+00    21.0     0.0     0.0            151000.99           75121.84         150804.55          26190.06           2201.14 0.336E+00 0.430E+01
ABIC : 0.10000E+03 0.0 0.0 0.0  0.10000E+00    21.0     0.0     0.0            150943.04          150243.67         224095.89          26190.06           2905.69 0.386E+00 0.494E+01
ABIC : 0.10000E+04 0.0 0.0 0.0  0.10000E+00    21.0     0.0     0.0            151720.41          225365.52         298469.22          26190.06           3690.37 0.435E+00 0.556E+01
ABIC : 0.31623E+02 0.0 0.0 0.0  0.10000E+00    21.0     0.0     0.0            150827.10          112682.76         187284.42          26190.06           2537.28 0.361E+00 0.461E+01
ABIC : 0.17783E+02 0.0 0.0 0.0  0.10000E+00    21.0     0.0     0.0            150873.98           93902.30         169000.36          26190.06           2364.75 0.348E+00 0.445E+01
ABIC : 0.56234E+02 0.0 0.0 0.0  0.10000E+00    21.0     0.0     0.0            150853.20          131463.22         205651.81          26190.06           2718.00 0.374E+00 0.477E+01
ABIC : 0.23714E+02 0.0 0.0 0.0  0.10000E+00    21.0     0.0     0.0            150840.89          103292.53         178131.62          26190.06           2449.93 0.355E+00 0.453E+01
ABIC : 0.42170E+02 0.0 0.0 0.0  0.10000E+00    21.0     0.0     0.0            150831.57          122072.99         196458.08          26190.06           2626.69 0.367E+00 0.469E+01
alpha2, abic : 0.100E+00     150827.10     150664.56
ABIC : 0.10000E-01 0.0 0.0 0.0  0.31623E-02    21.0     0.0     0.0            159232.56         -150243.67         -58328.89          23367.66            977.99 0.224E+00 0.509E+00
ABIC : 0.10000E+00 0.0 0.0 0.0  0.31623E-02    21.0     0.0     0.0            155363.97          -75121.84           9912.22          23367.66           1567.75 0.284E+00 0.645E+00
ABIC : 0.10000E+01 0.0 0.0 0.0  0.31623E-02    21.0     0.0     0.0            152576.12               0.00          79800.97          23367.66           2299.58 0.344E+00 0.781E+00
ABIC : 0.10000E+02 0.0 0.0 0.0  0.31623E-02    21.0     0.0     0.0            151021.09           75121.84         151273.58          23367.66           3192.54 0.405E+00 0.920E+00
ABIC : 0.10000E+03 0.0 0.0 0.0  0.31623E-02    21.0     0.0     0.0            150719.26          150243.67         224282.97          23367.66           4239.64 0.467E+00 0.106E+01
ABIC : 0.10000E+04 0.0 0.0 0.0  0.31623E-02    21.0     0.0     0.0            151359.27          225365.52         298517.09          23367.66           5386.10 0.526E+00 0.120E+01
ABIC : 0.31623E+02 0.0 0.0 0.0  0.31623E-02    21.0     0.0     0.0            150718.99          112682.76         187595.67          23367.66           3697.18 0.436E+00 0.990E+00
ABIC : 0.31623E+03 0.0 0.0 0.0  0.31623E-02    21.0     0.0     0.0            150968.00          187804.59         261282.02          23367.66           4813.74 0.497E+00 0.113E+01
ABIC : 0.17783E+02 0.0 0.0 0.0  0.31623E-02    21.0     0.0     0.0            150830.40           93902.30         169386.84          23367.66           3439.99 0.420E+00 0.955E+00
ABIC : 0.56234E+02 0.0 0.0 0.0  0.31623E-02    21.0     0.0     0.0            150683.83          131463.22         205896.34          23367.66           3963.90 0.451E+00 0.103E+01
ABIC : 0.42170E+02 0.0 0.0 0.0  0.31623E-02    21.0     0.0     0.0            150692.19          122072.99         196734.86          23367.66           3829.37 0.443E+00 0.101E+01
ABIC : 0.74989E+02 0.0 0.0 0.0  0.31623E-02    21.0     0.0     0.0            150693.14          140853.45         215079.34          23367.66           4100.68 0.459E+00 0.104E+01
alpha2, abic : 0.316E-02     150683.83     150683.83
alpha2, abic : 0.100E-01     150664.56     150664.56
ABIC : 0.10000E+02 0.0 0.0 0.0  0.31623E-01    21.0     0.0     0.0            150948.35           75121.84         151018.83          24807.43           2621.55 0.367E+00 0.264E+01
ABIC : 0.10000E+03 0.0 0.0 0.0  0.31623E-01    21.0     0.0     0.0            150778.38          150243.67         224180.89          24807.43           3470.05 0.422E+00 0.303E+01
ABIC : 0.10000E+04 0.0 0.0 0.0  0.31623E-01    21.0     0.0     0.0            151487.95          225365.52         298491.03          24807.43           4403.94 0.476E+00 0.342E+01
ABIC : 0.31623E+02 0.0 0.0 0.0  0.31623E-01    21.0     0.0     0.0            150714.52          112682.76         187426.03          24807.43           3027.94 0.394E+00 0.283E+01
ABIC : 0.17783E+02 0.0 0.0 0.0  0.31623E-01    21.0     0.0     0.0            150791.21           93902.30         169176.48          24807.43           2819.96 0.381E+00 0.273E+01
ABIC : 0.56234E+02 0.0 0.0 0.0  0.31623E-01    21.0     0.0     0.0            150712.84          131463.22         205762.95          24807.43           3244.97 0.408E+00 0.293E+01
ABIC : 0.42170E+02 0.0 0.0 0.0  0.31623E-01    21.0     0.0     0.0            150704.75          122072.99         196583.94          24807.43           3135.38 0.401E+00 0.288E+01
alpha2, abic : 0.316E-01     150704.75     150664.56
   56.23413      9.9999998E-03   3658.307    
Xdif :     0.0274
